[    0.000000] Initializing cgroup subsys cpuset
[    0.000000] Initializing cgroup subsys cpu
[    0.000000] Initializing cgroup subsys cpuacct
[    0.000000] Linux version 4.4.0-141-generic (buildd@lcy01-amd64-006) (gcc version 5.4.0 20160609 (Ubuntu 5.4.0-6ubuntu1~16.04.10) ) #167-Ubuntu SMP Wed Dec 5 10:40:15 UTC 2018 (Ubuntu 4.4.0-141.167-generic 4.4.162)
[    0.000000] Command line: BOOT_IMAGE=/boot/vmlinuz-4.4.0-141-generic root=UUID=73651260-a8f2-44b4-b86a-2bbaa51ec794 ro console=tty1 console=ttyS0
[    0.000000] KERNEL supported cpus:
[    0.000000]   Intel GenuineIntel
[    0.000000]   AMD AuthenticAMD
[    0.000000]   Centaur CentaurHauls
[    0.000000] ------------[ cut here ]------------
[    0.000000] WARNING: CPU: 0 PID: 0 at /build/linux-XS2uX5/linux-4.4.0/arch/x86/kernel/fpu/xstate.c:517 fpu__init_system_xstate+0x37e/0x764()
[    0.000000] XSAVE consistency problem, dumping leaves
[    0.000000] Modules linked in:
[    0.000000] CPU: 0 PID: 0 Comm: swapper Not tainted 4.4.0-141-generic #167-Ubuntu
[    0.000000]  0000000000000086 bc2fad84cd36fc00 ffffffff81e03d70 ffffffff81405633
[    0.000000]  ffffffff81e03db8 ffffffff81cad810 ffffffff81e03da8 ffffffff810850d2
[    0.000000]  0000000000000008 0000000000000340 0000000000000100 ffffffff81e03e3c
[    0.000000] Call Trace:
[    0.000000]  [<ffffffff81405633>] dump_stack+0x63/0x90
[    0.000000]  [<ffffffff810850d2>] warn_slowpath_common+0x82/0xc0
[    0.000000]  [<ffffffff8108516c>] warn_slowpath_fmt+0x5c/0x80
[    0.000000]  [<ffffffff81080be4>] ? xfeature_size+0x59/0x77
[    0.000000]  [<ffffffff81f731e3>] fpu__init_system_xstate+0x37e/0x764
[    0.000000]  [<ffffffff81f63120>] ? early_idt_handler_array+0x120/0x120
[    0.000000]  [<ffffffff81f72bec>] fpu__init_system+0x1e7/0x28e
[    0.000000]  [<ffffffff81f73dc6>] early_cpu_init+0x210/0x216
[    0.000000]  [<ffffffff81f73dc6>] ? early_cpu_init+0x210/0x216
[    0.000000]  [<ffffffff81f6f19b>] setup_arch+0xc0/0xd1f
[    0.000000]  [<ffffffff81f63120>] ? early_idt_handler_array+0x120/0x120
[    0.000000]  [<ffffffff81f63c75>] start_kernel+0xe2/0x4a4
[    0.000000]  [<ffffffff81f63120>] ? early_idt_handler_array+0x120/0x120
[    0.000000]  [<ffffffff81f63339>] x86_64_start_reservations+0x2a/0x2c
[    0.000000]  [<ffffffff81f63485>] x86_64_start_kernel+0x14a/0x16d
[    0.000000] ---[ end trace 4d5ff9f2f68c4233 ]---
[    0.000000] CPUID[0d, 00]: eax=00000007 ebx=00000440 ecx=00000440 edx=00000000
[    0.000000] CPUID[0d, 01]: eax=00000000 ebx=000003c0 ecx=00000000 edx=00000000
[    0.000000] CPUID[0d, 02]: eax=00000100 ebx=00000240 ecx=00000000 edx=00000000
[    0.000000] CPUID[0d, 03]: eax=00000000 ebx=00000000 ecx=00000000 edx=00000000
[    0.000000] CPUID[0d, 04]: eax=00000000 ebx=00000000 ecx=00000000 edx=00000000
[    0.000000] CPUID[0d, 05]: eax=00000000 ebx=00000000 ecx=00000000 edx=00000000
[    0.000000] CPUID[0d, 06]: eax=00000000 ebx=00000000 ecx=00000000 edx=00000000
[    0.000000] CPUID[0d, 07]: eax=00000000 ebx=00000000 ecx=00000000 edx=00000000
[    0.000000] CPUID[0d, 08]: eax=00000000 ebx=00000000 ecx=00000000 edx=00000000
[    0.000000] CPUID[0d, 09]: eax=00000000 ebx=00000000 ecx=00000000 edx=00000000
[    0.000000] CPUID[0d, 0a]: eax=00000000 ebx=00000000 ecx=00000000 edx=00000000
[    0.000000] CPUID[0d, 0b]: eax=00000000 ebx=00000000 ecx=00000000 edx=00000000
[    0.000000] CPUID[0d, 0c]: eax=00000000 ebx=00000000 ecx=00000000 edx=00000000
[    0.000000] CPUID[0d, 0d]: eax=00000000 ebx=00000000 ecx=00000000 edx=00000000
[    0.000000] CPUID[0d, 0e]: eax=00000000 ebx=00000000 ecx=00000000 edx=00000000
[    0.000000] CPUID[0d, 0f]: eax=00000000 ebx=00000000 ecx=00000000 edx=00000000
[    0.000000] CPUID[0d, 10]: eax=00000000 ebx=00000000 ecx=00000000 edx=00000000
[    0.000000] CPUID[0d, 11]: eax=00000000 ebx=00000000 ecx=00000000 edx=00000000
[    0.000000] x86/fpu: xstate_offset[2]:  576, xstate_sizes[2]:  256
[    0.000000] x86/fpu: Supporting XSAVE feature 0x01: 'x87 floating point registers'
[    0.000000] x86/fpu: Supporting XSAVE feature 0x02: 'SSE registers'
[    0.000000] x86/fpu: Supporting XSAVE feature 0x04: 'AVX registers'
[    0.000000] x86/fpu: Enabled xstate features 0x7, context size is 1088 bytes, using 'standard' format.
[    0.000000] e820: BIOS-provided physical RAM map:
[    0.000000] BIOS-e820: [mem 0x0000000000000000-0x000000000009fbff] usable
[    0.000000] BIOS-e820: [mem 0x000000000009fc00-0x000000000009ffff] reserved
[    0.000000] BIOS-e820: [mem 0x00000000000f0000-0x00000000000fffff] reserved
[    0.000000] BIOS-e820: [mem 0x0000000000100000-0x000000007ffeffff] usable
[    0.000000] BIOS-e820: [mem 0x000000007fff0000-0x000000007fffffff] ACPI data
[    0.000000] BIOS-e820: [mem 0x00000000fec00000-0x00000000fec00fff] reserved
[    0.000000] BIOS-e820: [mem 0x00000000fee00000-0x00000000fee00fff] reserved
[    0.000000] BIOS-e820: [mem 0x00000000fffc0000-0x00000000ffffffff] reserved
[    0.000000] NX (Execute Disable) protection: active
[    0.000000] SMBIOS 2.5 present.
[    0.000000] Hypervisor detected: KVM
[    0.000000] e820: last_pfn = 0x7fff0 max_arch_pfn = 0x400000000
[    0.000000] MTRR: Disabled
[    0.000000] x86/PAT: MTRRs disabled, skipping PAT initialization too.
[    0.000000] CPU MTRRs all blank - virtualized system.
[    0.000000] x86/PAT: Configuration [0-7]: WB  WT  UC- UC  WB  WT  UC- UC  
[    0.000000] found SMP MP-table at [mem 0x0009fff0-0x0009ffff] mapped at [ffff88000009fff0]
[    0.000000] Scanning 1 areas for low memory corruption
[    0.000000] RAMDISK: [mem 0x361f0000-0x370effff]
[    0.000000] ACPI: Early table checksum verification disabled
[    0.000000] ACPI: RSDP 0x00000000000E0000 000024 (v02 VBOX  )
[    0.000000] ACPI: XSDT 0x000000007FFF0030 00003C (v01 VBOX   VBOXXSDT 00000001 ASL  00000061)
[    0.000000] ACPI: FACP 0x000000007FFF00F0 0000F4 (v04 VBOX   VBOXFACP 00000001 ASL  00000061)
[    0.000000] ACPI: DSDT 0x000000007FFF0470 0021FF (v02 VBOX   VBOXBIOS 00000002 INTL 20160108)
[    0.000000] ACPI: FACS 0x000000007FFF0200 000040
[    0.000000] ACPI: FACS 0x000000007FFF0200 000040
[    0.000000] ACPI: APIC 0x000000007FFF0240 00005C (v02 VBOX   VBOXAPIC 00000001 ASL  00000061)
[    0.000000] ACPI: SSDT 0x000000007FFF02A0 0001CC (v01 VBOX   VBOXCPUT 00000002 INTL 20160108)
[    0.000000] No NUMA configuration found
[    0.000000] Faking a node at [mem 0x0000000000000000-0x000000007ffeffff]
[    0.000000] NODE_DATA(0) allocated [mem 0x7ffeb000-0x7ffeffff]
[    0.000000] kvm-clock: Using msrs 4b564d01 and 4b564d00
[    0.000000] kvm-clock: cpu 0, msr 0:7ffe3001, primary cpu clock
[    0.000000] kvm-clock: using sched offset of 9045884391 cycles
[    0.000000] clocksource: kvm-clock: mask: 0xffffffffffffffff max_cycles: 0x1cd42e4dffb, max_idle_ns: 881590591483 ns
[    0.000000] Zone ranges:
[    0.000000]   DMA      [mem 0x0000000000001000-0x0000000000ffffff]
[    0.000000]   DMA32    [mem 0x0000000001000000-0x000000007ffeffff]
[    0.000000]   Normal   empty
[    0.000000]   Device   empty
[    0.000000] Movable zone start for each node
[    0.000000] Early memory node ranges
[    0.000000]   node   0: [mem 0x0000000000001000-0x000000000009efff]
[    0.000000]   node   0: [mem 0x0000000000100000-0x000000007ffeffff]
[    0.000000] Initmem setup node 0 [mem 0x0000000000001000-0x000000007ffeffff]
[    0.000000] ACPI: PM-Timer IO Port: 0x4008
[    0.000000] IOAPIC[0]: apic_id 2, version 32, address 0xfec00000, GSI 0-23
[    0.000000] ACPI: INT_SRC_OVR (bus 0 bus_irq 0 global_irq 2 dfl dfl)
[    0.000000] ACPI: INT_SRC_OVR (bus 0 bus_irq 9 global_irq 9 high level)
[    0.000000] Using ACPI (MADT) for SMP configuration information
[    0.000000] smpboot: Allowing 2 CPUs, 0 hotplug CPUs
[    0.000000] PM: Registered nosave memory: [mem 0x00000000-0x00000fff]
[    0.000000] PM: Registered nosave memory: [mem 0x0009f000-0x0009ffff]
[    0.000000] PM: Registered nosave memory: [mem 0x000a0000-0x000effff]
[    0.000000] PM: Registered nosave memory: [mem 0x000f0000-0x000fffff]
[    0.000000] e820: [mem 0x80000000-0xfebfffff] available for PCI devices
[    0.000000] Booting paravirtualized kernel on KVM
[    0.000000] clocksource: refined-jiffies: mask: 0xffffffff max_cycles: 0xffffffff, max_idle_ns: 7645519600211568 ns
[    0.000000] setup_percpu: NR_CPUS:512 nr_cpumask_bits:512 nr_cpu_ids:2 nr_node_ids:1
[    0.000000] PERCPU: Embedded 34 pages/cpu @ffff88007fc00000 s99608 r8192 d31464 u1048576
[    0.000000] PV qspinlock hash table entries: 256 (order: 0, 4096 bytes)
[    0.000000] Built 1 zonelists in Node order, mobility grouping on.  Total pages: 515960
[    0.000000] Policy zone: DMA32
[    0.000000] Kernel command line: BOOT_IMAGE=/boot/vmlinuz-4.4.0-141-generic root=UUID=73651260-a8f2-44b4-b86a-2bbaa51ec794 ro console=tty1 console=ttyS0
[    0.000000] PID hash table entries: 4096 (order: 3, 32768 bytes)
[    0.000000] Memory: 2029336K/2096696K available (8568K kernel code, 1314K rwdata, 4008K rodata, 1528K init, 1316K bss, 67360K reserved, 0K cma-reserved)
[    0.000000] SLUB: HWalign=64, Order=0-3, MinObjects=0, CPUs=2, Nodes=1
[    0.000000] Kernel/User page tables isolation: enabled
[    0.000000] Hierarchical RCU implementation.
[    0.000000] 	Build-time adjustment of leaf fanout to 64.
[    0.000000] 	RCU restricting CPUs from NR_CPUS=512 to nr_cpu_ids=2.
[    0.000000] RCU: Adjusting geometry for rcu_fanout_leaf=64, nr_cpu_ids=2
[    0.000000] NR_IRQS:33024 nr_irqs:440 16
[    0.000000] Console: colour VGA+ 80x25
[    0.000000] console [tty1] enabled
[    0.000000] console [ttyS0] enabled
[    0.000000] tsc: Detected 2367.104 MHz processor
[    2.460261] Calibrating delay loop (skipped) preset value.. 4734.20 BogoMIPS (lpj=9468416)
[    2.475631] pid_max: default: 32768 minimum: 301
[    2.476622] ACPI: Core revision 20150930
[    2.478711] ACPI: 2 ACPI AML tables successfully acquired and loaded
[    2.559782] Security Framework initialized
[    2.560665] Yama: becoming mindful.
[    2.561466] AppArmor: AppArmor initialized
[    2.563078] Dentry cache hash table entries: 262144 (order: 9, 2097152 bytes)
[    2.571730] Inode-cache hash table entries: 131072 (order: 8, 1048576 bytes)
[    2.623409] Mount-cache hash table entries: 4096 (order: 3, 32768 bytes)
[    2.653635] Mountpoint-cache hash table entries: 4096 (order: 3, 32768 bytes)
[    2.655287] Initializing cgroup subsys io
[    2.656261] Initializing cgroup subsys memory
[    2.657275] Initializing cgroup subsys devices
[    2.658309] Initializing cgroup subsys freezer
[    2.659275] Initializing cgroup subsys net_cls
[    2.660278] Initializing cgroup subsys perf_event
[    2.661305] Initializing cgroup subsys net_prio
[    2.662305] Initializing cgroup subsys hugetlb
[    2.663313] Initializing cgroup subsys pids
[    2.665508] mce: CPU supports 0 MCE banks
[    2.666401] Last level iTLB entries: 4KB 64, 2MB 8, 4MB 8
[    2.667522] Last level dTLB entries: 4KB 64, 2MB 0, 4MB 0, 1GB 4
[    2.668800] Spectre V2 : Mitigation: Full generic retpoline
[    2.669965] Spectre V2 : Spectre v2 mitigation: Speculation control IBPB not-supported IBRS not-supported
[    2.725669] Spectre V2 : Spectre v2 / SpectreRSB mitigation: Filling RSB on context switch
[    2.789539] Speculative Store Bypass: Vulnerable
[    2.815863] Freeing SMP alternatives memory: 32K
[    2.829206] ftrace: allocating 32291 entries in 127 pages
[    2.900851] smpboot: APIC(0) Converting physical 0 to logical package 0
[    2.947211] smpboot: Max logical packages: 1
[    2.948455] x2apic enabled
[    2.949458] Switched APIC routing to physical x2apic.
[    2.951743] ..TIMER: vector=0x30 apic1=0 pin1=2 apic2=-1 pin2=-1
[    3.061713] smpboot: CPU0: Intel(R) Core(TM) i5-6200U CPU @ 2.30GHz (family: 0x6, model: 0x4e, stepping: 0x3)
[    3.196993] Performance Events: unsupported p6 CPU model 78 no PMU driver, software events only.
[    3.199071] KVM setup paravirtual spinlock
[    3.231815] x86: Booting SMP configuration:
[    3.237148] .... node  #0, CPUs:      #1
[    3.238235] kvm-clock: cpu 1, msr 0:7ffe3041, secondary cpu clock
[    3.240213] mce: CPU supports 0 MCE banks
[    3.245904] x86: Booted up 1 node, 2 CPUs
[    3.262179] smpboot: Total of 2 processors activated (9468.41 BogoMIPS)
[    3.282471] devtmpfs: initialized
[    3.301072] evm: security.selinux
[    3.317177] evm: security.SMACK64
[    3.321157] evm: security.SMACK64EXEC
[    3.328631] evm: security.SMACK64TRANSMUTE
[    3.334374] evm: security.SMACK64MMAP
[    3.336388] evm: security.ima
[    3.341001] evm: security.capability
[    3.342176] clocksource: jiffies: mask: 0xffffffff max_cycles: 0xffffffff, max_idle_ns: 7645041785100000 ns
[    3.367087] futex hash table entries: 512 (order: 3, 32768 bytes)
[    3.368471] pinctrl core: initialized pinctrl subsystem
[    3.369764] RTC time: 20:45:56, date: 12/21/18
[    3.370924] NET: Registered protocol family 16
[    3.382325] cpuidle: using governor ladder
[    3.398554] cpuidle: using governor menu
[    3.419873] PCCT header not found.
[    3.438932] ACPI: bus type PCI registered
[    3.474785] acpiphp: ACPI Hot Plug PCI Controller Driver version: 0.5
[    3.490173] PCI: Using configuration type 1 for base access
[    3.504768] ACPI: Added _OSI(Module Device)
[    3.564214] ACPI: Added _OSI(Processor Device)
[    3.606906] ACPI: Added _OSI(3.0 _SCP Extensions)
[    3.626102] ACPI: Added _OSI(Processor Aggregator Device)
[    3.628111] ACPI: Executed 1 blocks of module-level executable AML code
[    3.632634] ACPI: Interpreter enabled
[    3.640135] ACPI: (supports S0 S5)
[    3.640895] ACPI: Using IOAPIC for interrupt routing
[    3.642150] PCI: Using host bridge windows from ACPI; if necessary, use "pci=nocrs" and report a bug
[    3.681774] ACPI: PCI Root Bridge [PCI0] (domain 0000 [bus 00-ff])
[    3.688538] acpi PNP0A03:00: _OSC: OS supports [ASPM ClockPM Segments MSI]
[    3.689879] acpi PNP0A03:00: _OSC: not requesting OS control; OS requires [ExtendedConfig ASPM ClockPM MSI]
[    3.692011] acpi PNP0A03:00: fail to add MMCONFIG information, can't access extended PCI configuration space under this bridge.
[    3.694620] PCI host bridge to bus 0000:00
[    3.715196] pci_bus 0000:00: root bus resource [io  0x0000-0x0cf7 window]
[    3.744026] pci_bus 0000:00: root bus resource [io  0x0d00-0xffff window]
[    3.783397] pci_bus 0000:00: root bus resource [mem 0x000a0000-0x000bffff window]
[    3.813131] pci_bus 0000:00: root bus resource [mem 0x80000000-0xffdfffff window]
[    3.829443] pci_bus 0000:00: root bus resource [bus 00-ff]
[    3.841072] pci 0000:00:01.1: legacy IDE quirk: reg 0x10: [io  0x01f0-0x01f7]
[    3.880365] pci 0000:00:01.1: legacy IDE quirk: reg 0x14: [io  0x03f6]
[    3.881769] pci 0000:00:01.1: legacy IDE quirk: reg 0x18: [io  0x0170-0x0177]
[    3.883358] pci 0000:00:01.1: legacy IDE quirk: reg 0x1c: [io  0x0376]
[    3.949993] pci 0000:00:07.0: quirk: [io  0x4000-0x403f] claimed by PIIX4 ACPI
[    3.966609] pci 0000:00:07.0: quirk: [io  0x4100-0x410f] claimed by PIIX4 SMB
[    4.024029] ACPI: PCI Interrupt Link [LNKA] (IRQs 5 9 10 *11)
[    4.031261] ACPI: PCI Interrupt Link [LNKB] (IRQs 5 9 10 *11)
[    4.032948] ACPI: PCI Interrupt Link [LNKC] (IRQs 5 9 *10 11)
[    4.034624] ACPI: PCI Interrupt Link [LNKD] (IRQs 5 *9 10 11)
[    4.036765] ACPI: Enabled 2 GPEs in block 00 to 07
[    4.076748] vgaarb: setting as boot device: PCI:0000:00:02.0
[    4.110324] vgaarb: device added: PCI:0000:00:02.0,decodes=io+mem,owns=io+mem,locks=none
[    4.113686] vgaarb: loaded
[    4.114360] vgaarb: bridge control possible 0000:00:02.0
[    4.115710] SCSI subsystem initialized
[    4.116740] ACPI: bus type USB registered
[    4.117781] usbcore: registered new interface driver usbfs
[    4.118944] usbcore: registered new interface driver hub
[    4.120115] usbcore: registered new device driver usb
[    4.133364] PCI: Using ACPI for IRQ routing
[    4.143025] NetLabel: Initializing
[    4.152962] NetLabel:  domain hash size = 128
[    4.153954] NetLabel:  protocols = UNLABELED CIPSOv4
[    4.160896] NetLabel:  unlabeled traffic allowed by default
[    4.176242] amd_nb: Cannot enumerate AMD northbridges
[    4.204924] clocksource: Switched to clocksource kvm-clock
[    4.254995] AppArmor: AppArmor Filesystem Enabled
[    4.295924] pnp: PnP ACPI init
[    4.297449] pnp: PnP ACPI: found 3 devices
[    4.323282] clocksource: acpi_pm: mask: 0xffffff max_cycles: 0xffffff, max_idle_ns: 2085701024 ns
[    4.343653] NET: Registered protocol family 2
[    4.405684] TCP established hash table entries: 16384 (order: 5, 131072 bytes)
[    4.559794] TCP bind hash table entries: 16384 (order: 6, 262144 bytes)
[    4.566680] TCP: Hash tables configured (established 16384 bind 16384)
[    4.628604] UDP hash table entries: 1024 (order: 3, 32768 bytes)
[    4.760570] UDP-Lite hash table entries: 1024 (order: 3, 32768 bytes)
[    4.905457] NET: Registered protocol family 1
[    4.911994] pci 0000:00:00.0: Limiting direct PCI/PCI transfers
[    4.913224] pci 0000:00:01.0: Activating ISA DMA hang workarounds
[    4.914582] Unpacking initramfs...
[    5.180812] Freeing initrd memory: 15360K
[    5.207102] platform rtc_cmos: registered platform RTC device (no PNP device found)
[    5.212521] Scanning for low memory corruption every 60 seconds
[    5.308736] audit: initializing netlink subsys (disabled)
[    5.328849] audit: type=2000 audit(1545425164.970:1): initialized
[    5.481058] Initialise system trusted keyring
[    5.482343] HugeTLB registered 2 MB page size, pre-allocated 0 pages
[    5.485040] zbud: loaded
[    5.486320] VFS: Disk quotas dquot_6.6.0
[    5.487240] VFS: Dquot-cache hash table entries: 512 (order 0, 4096 bytes)
[    5.488942] squashfs: version 4.0 (2009/01/31) Phillip Lougher
[    5.497712] fuse init (API version 7.23)
[    5.500993] Key type big_key registered
[    5.501910] Allocating IMA MOK and blacklist keyrings.
[    5.512535] Key type asymmetric registered
[    5.514553] Asymmetric key parser 'x509' registered
[    5.515621] Block layer SCSI generic (bsg) driver version 0.4 loaded (major 249)
[    5.517392] io scheduler noop registered
[    5.518319] io scheduler deadline registered (default)
[    5.519490] io scheduler cfq registered
[    5.520526] pci_hotplug: PCI Hot Plug PCI Core version: 0.5
[    5.574760] pciehp: PCI Express Hot Plug Controller Driver version: 0.4
[    5.576183] ACPI: AC Adapter [AC] (on-line)
[    5.577179] input: Power Button as /devices/LNXSYSTM:00/LNXPWRBN:00/input/input0
[    5.582648] ACPI: Power Button [PWRF]
[    5.583516] input: Sleep Button as /devices/LNXSYSTM:00/LNXSLPBN:00/input/input1
[    5.6125]] ACPI: Sleep Button [SLPF]
[    5.734750] ACPI: Battery Slot [BAT0] (battery present)
[    5.740463] GHES: HEST is not enabled!
[    5.741510] Serial: 8250/16550 driver, 32 ports, IRQ sharing enabled
[    5.764919] 00:02: ttyS0 at I/O 0x3f8 (irq = 4, base_baud = 115200) is a 16550A
[    5.887228] Linux agpgart interface v0.103
[    5.890189] loop: module loaded
[    5.896898] scsi host0: ata_piix
[    5.897973] scsi host1: ata_piix
[    5.898773] ata1: PATA max UDMA/33 cmd 0x1f0 ctl 0x3f6 bmdma 0xd000 irq 14
[    5.900089] ata2: PATA max UDMA/33 cmd 0x170 ctl 0x376 bmdma 0xd008 irq 15
[    5.901505] libphy: Fixed MDIO Bus: probed
[    5.902466] tun: Universal TUN/TAP device driver, 1.6
[    5.903540] tun: (C) 1999-2004 Max Krasnyansky <maxk@qualcomm.com>
[    5.904810] PPP generic driver version 2.4.2
[    5.905996] ehci_hcd: USB 2.0 'Enhanced' Host Controller (EHCI) Driver
[    5.907218] ehci-pci: EHCI PCI platform driver
[    5.908175] ehci-platform: EHCI generic platform driver
[    5.909217] ohci_hcd: USB 1.1 'Open' Host Controller (OHCI) Driver
[    5.910483] ohci-pci: OHCI PCI platform driver
[    5.911587] ohci-platform: OHCI generic platform driver
[    5.912710] uhci_hcd: USB Universal Host Controller Interface driver
[    5.914075] i8042: PNP: PS/2 Controller [PNP0303:PS2K,PNP0f03:PS2M] at 0x60,0x64 irq 1,12
[    5.916358] serio: i8042 KBD port at 0x60,0x64 irq 1
[    5.917405] serio: i8042 AUX port at 0x60,0x64 irq 12
[    5.919415] mousedev: PS/2 mouse device common for all mice
[    5.921994] rtc_cmos rtc_cmos: rtc core: registered rtc_cmos as rtc0
[    5.927120] rtc_cmos rtc_cmos: alarms up to one day, 114 bytes nvram
[    5.928494] i2c /dev entries driver
[    5.929419] input: AT Translated Set 2 keyboard as /devices/platform/i8042/serio0/input/input2
[    5.931427] device-mapper: uevent: version 1.0.3
[    5.932460] device-mapper: ioctl: 4.34.0-ioctl (2015-10-28) initialised: dm-devel@redhat.com
[    5.934338] ledtrig-cpu: registered to indicate activity on CPUs
[    5.936173] NET: Registered protocol family 10
[    5.937312] NET: Registered protocol family 17
[    5.938481] Key type dns_resolver registered
[    5.939657] registered taskstats version 1
[    5.940534] Loading compiled-in X.509 certificates
[    5.942216] Loaded X.509 cert 'Build time autogenerated kernel key: 7c9fb337b82e5a343493fe891c556beae1895c7c'
[    5.954854] zswap: loaded using pool lzo/zbud
[    5.958105] Key type trusted registered
[    5.968619] Key type encrypted registered
[    5.970673] AppArmor: AppArmor sha1 policy hashing enabled
[    5.971786] ima: No TPM chip found, activating TPM-bypass!
[    5.972899] ima: Allocated hash algorithm: sha1
[    5.973889] evm: HMAC attrs: 0x1
[    5.975051]   Magic number: 14:972:801
[    5.975911] acpi PNP0F03:00: hash matches
[    5.976881] rtc_cmos rtc_cmos: setting system clock to 2018-12-21 20:45:58 UTC (1545425158)
[    5.978869] BIOS EDD facility v0.16 2004-Jun-25, 0 devices found
[    5.984164] EDD information not available.
[    6.059438] Freeing unused kernel memory: 1528K
[    6.079109] Write protecting the kernel read-only data: 14336k
[    6.081025] Freeing unused kernel memory: 1660K
[    6.119845] Freeing unused kernel memory: 88K
Loading, please wait...
starting version[    6.140858] random: systemd-udevd: uninitialized urandom read (16 bytes read, 3 bits of entropy available)
 229
[    6.141796] random: udevadm: uninitialized urandom read (16 bytes read, 3 bits of entropy available)
[    6.141818] random: udevadm: uninitialized urandom read (16 bytes read, 3 bits of entropy available)
[    6.154160] random: udevadm: uninitialized urandom read (16 bytes read, 3 bits of entropy available)
[    6.154215] random: udevadm: uninitialized urandom read (16 bytes read, 3 bits of entropy available)
[    6.154382] random: udevadm: uninitialized urandom read (16 bytes read, 3 bits of entropy available)
[    6.154446] random: udevadm: uninitialized urandom read (16 bytes read, 3 bits of entropy available)
[    6.154506] random: udevadm: uninitialized urandom read (16 bytes read, 3 bits of entropy available)
[    6.154565] random: udevadm: uninitialized urandom read (16 bytes read, 3 bits of entropy available)
[    6.154627] random: udevadm: uninitialized urandom read (16 bytes read, 3 bits of entropy available)
[    6.366619] clocksource: tsc: mask: 0xffffffffffffffff max_cycles: 0x221ed3a9a36, max_idle_ns: 440795208421 ns
[    6.414614] e1000: Intel(R) PRO/1000 Network Driver - version 7.3.21-k8-NAPI
[    6.427546] e1000: Copyright (c) 1999-2006 Intel Corporation.
[    6.435288] Fusion MPT base driver 3.04.20
[    6.443958] Copyright (c) 1999-2008 LSI Corporation
[    6.451386] Fusion MPT SPI Host driver 3.04.20
[    6.687334] input: ImExPS/2 Generic Explorer Mouse as /devices/platform/i8042/serio1/input/input4
[    6.762095] AVX version of gcm_enc/dec engaged.
[    6.807277] AES CTR mode by8 optimization enabled
[    7.109198] e1000 0000:00:03.0 eth0: (PCI:33MHz:32-bit) 02:b4:5c:5b:e6:80
[    7.176763] e1000 0000:00:03.0 eth0: Intel(R) PRO/1000 Network Connection
[    7.206668] mptbase: ioc0: Initiating bringup
[    7.273448] ioc0: LSI53C1030 A0: Capabilities={Initiator}
[    7.498222] scsi host2: ioc0: LSI53C1030 A0, FwRev=00000000h, Ports=1, MaxQ=256, IRQ=20
[    7.769575] scsi 2:0:0:0: Direct-Access     VBOX     HARDDISK         1.0  PQ: 0 ANSI: 5
[    7.815544] scsi target2:0:0: Beginning Domain Validation
[    7.818949] scsi target2:0:0: Domain Validation skipping write tests
[    7.980242] scsi target2:0:0: Ending Domain Validation
[    8.005488] scsi target2:0:0: asynchronous
[    8.009106] scsi 2:0:1:0: Direct-Access     VBOX     HARDDISK         1.0  PQ: 0 ANSI: 5
[    8.041214] scsi target2:0:1: Beginning Domain Validation
[    8.061724] scsi target2:0:1: Domain Validation skipping write tests
[    8.119249] scsi target2:0:1: Ending Domain Validation
[    8.120583] scsi target2:0:1: asynchronous
[    8.137847] sd 2:0:0:0: [sda] 20971520 512-byte logical blocks: (10.7 GB/10.0 GiB)
[    8.137857] sd 2:0:0:0: Attached scsi generic sg0 type 0
[    8.138475] sd 2:0:1:0: Attached scsi generic sg1 type 0
[    8.209615] sd 2:0:0:0: [sda] Write Protect is off
[    8.220664] e1000 0000:00:08.0 eth1: (PCI:33MHz:32-bit) 08:00:27:e2:4c:0e
[    8.220670] e1000 0000:00:08.0 eth1: Intel(R) PRO/1000 Network Connection
[    8.369014] e1000 0000:00:08.0 enp0s8: renamed from eth1
[    8.489879] sd 2:0:1:0: [sdb] 20480 512-byte logical blocks: (10.5 MB/10.0 MiB)
[    8.654559] sd 2:0:0:0: [sda] Incomplete mode parameter data
[    8.725004] sd 2:0:0:0: [sda] Assuming drive cache: write through
[    8.725033] sd 2:0:1:0: [sdb] Write Protect is off
[    8.725217] sd 2:0:1:0: [sdb] Incomplete mode parameter data
[    8.725219] sd 2:0:1:0: [sdb] Assuming drive cache: write through
[    8.972546] sd 2:0:1:0: [sdb] Attached SCSI disk
[    9.003321] e1000 0000:00:03.0 enp0s3: renamed from eth0
[    9.106284]  sda: sda1
[    9.133084] sd 2:0:0:0: [sda] Attached SCSI disk
Begin: Loading e[   10.908168] md: linear personality registered for level -1
ssential drivers[   10.974172] md: multipath personality registered for level -4
 ... [   10.986552] md: raid0 personality registered for level 0
[   10.996521] md: raid1 personality registered for level 1
[   11.073083] raid6: sse2x1   gen()  7096 MB/s
[   11.145079] raid6: sse2x1   xor()  4626 MB/s
[   11.229071] raid6: sse2x2   gen()  6740 MB/s
[   11.301095] raid6: sse2x2   xor()  5459 MB/s
[   11.373653] raid6: sse2x4   gen()  8775 MB/s
[   11.501084] raid6: sse2x4   xor()  6354 MB/s
[   11.507604] raid6: using algorithm sse2x4 gen() 8775 MB/s
[   11.508712] raid6: .... xor() 6354 MB/s, rmw enabled
[   11.509830] raid6: using ssse3x2 recovery algorithm
[   11.512406] xor: automatically using best checksumming function:
[   11.645001]    avx       : 35752.000 MB/sec
[   11.767791] async_tx: api initialized (async)
[   11.858838] md: raid6 personality registered for level 6
[   11.878198] md: raid5 personality registered for level 5
[   11.879267] md: raid4 personality registered for level 4
[   11.889440] md: raid10 personality registered for level 10
done.
Begin: Running /scripts/init-premount ... done.
Begin: Mounting root file syst[   11.948489] Btrfs loaded
em ... Begin: Running /scripts/local-top ... done.
Begin: Running /scripts/local-premount ... Scanning for Btrfs filesystems
done.
Warning: fsck not present, so skipping root file system
[   12.696321] random: nonblocking pool is initialized
[   12.972081] EXT4-fs (sda1): mounted filesystem with ordered data mode. Opts: (null)
done.
Begin: Running /scripts/local-bottom ... done.
Begin: Running /scripts/init-bottom ... done.
[   20.225721] systemd[1]: systemd 229 running in system mode. (+PAM +AUDIT +SELINUX +IMA +APPARMOR +SMACK +SYSVINIT +UTMP +LIBCRYPTSETUP +GCRYPT +GNUTLS +ACL +XZ -LZ4 +SECCOMP +BLKID +ELFUTILS +KMOD -IDN)
[   20.308599] systemd[1]: Detected virtualization oracle.
[   20.334489] systemd[1]: Detected architecture x86-64.

Welcome to [1mUbuntu 16.04.5 LTS[0m!

[   20.508917] systemd[1]: Set hostname to <docker>.
[   26.033551] systemd[1]: Listening on /dev/initctl Compatibility Named Pipe.
[[0;32m  OK  [0m] Listening on /dev/initctl Compatibility Named Pipe.
[   26.109554] systemd[1]: Listening on Device-mapper event daemon FIFOs.
[[0;32m  OK  [0m] Listening on Device-mapper event daemon FIFOs.
[   26.208920] systemd[1]: Started Forward Password Requests to Wall Directory Watch.
[[0;32m  OK  [0m] Started Forward Password Requests to Wall Directory Watch.
[   26.240737] systemd[1]: Set up automount Arbitrary Executable File Formats File System Automount Point.
[[0;32m  OK  [0m] Set up automount Arbitrary Executab...ats File System Automount Point.
[   26.260513] systemd[1]: Listening on udev Kernel Socket.
[[0;32m  OK  [0m] Listening on udev Kernel Socket.
[   26.279826] systemd[1]: Created slice User and Session Slice.
[[0;32m  OK  [0m] Created slice User and Session Slice.
[   26.289268] systemd[1]: Listening on Journal Audit Socket.
[[0;32m  OK  [0m] Listening on Journal Audit Socket.
[   26.308242] systemd[1]: Listening on LVM2 metadata daemon socket.
[[0;32m  OK  [0m] Listening on LVM2 metadata daemon socket.
[   26.328129] systemd[1]: Reached target Encrypted Volumes.
[[0;32m  OK  [0m] Reached target Encrypted Volumes.
[   26.332532] systemd[1]: Listening on Journal Socket.
[[0;32m  OK  [0m] Listening on Journal Socket.
[   26.362156] systemd[1]: Listening on LVM2 poll daemon socket.
[[0;32m  OK  [0m] Listening on LVM2 poll daemon socket.
[   26.383932] systemd[1]: Listening on udev Control Socket.
[[0;32m  OK  [0m] Listening on udev Control Socket.
[   26.389251] systemd[1]: Reached target System Time Synchronized.
[[0;32m  OK  [0m] Reached target System Time Synchronized.
[   26.409664] systemd[1]: Started Trigger resolvconf update for networkd DNS.
[[0;32m  OK  [0m] Started Trigger resolvconf update for networkd DNS.
[   26.473860] systemd[1]: Created slice System Slice.
[[0;32m  OK  [0m] Created slice System Slice.
[   26.661424] systemd[1]: Starting Create list of required static device nodes for the current kernel...
         Starting Create list of required st... nodes for the current kernel...
[   26.705398] systemd[1]: Starting Monitoring of LVM2 mirrors, snapshots etc. using dmeventd or progress polling...
         Starting Monitoring of LVM2 mirrors... dmeventd or progress polling...
[   26.821403] systemd[1]: Starting Load Kernel Modules...
         Starting Load Kernel Modules...
[   26.840185] systemd[1]: Mounting Debug File System...
         Mounting Debug File System...
[   26.913391] systemd[1]: Starting Set console keymap...
         Starting Set console keymap...
[   26.927690] systemd[1]: Starting Uncomplicated firewall...
         Starting Uncomplicated firewall...
[   26.957420] systemd[1]: Starting Remount Root and Kernel File Systems...
         Starting Remount Root and Kernel File Systems...
[   27.024443] systemd[1]: Reached target Swap.
[[0;32m  OK  [0m] Reached target Swap.
[   27.053317] systemd[1]: Starting Nameserver information manager...
         Starting Nameserver information manager...
[   27.069169] systemd[1]: Reached target Slices.
[[0;32m  OK  [0m] Reached target Slices.
[   27.074041] systemd[1]: Listening on Syslog Socket.
[[0;32m  OK  [0m] Listening on Syslog Socket.
[   27.077727] systemd[1]: Reached target User and Group Name Lookups.
[[0;32m  OK  [[   27.175382] Loading iSCSI transport class v2.0-870.
0m] Reached target User and Grou[   27.175959] EXT4-fs (sda1): re-mounted. Opts: (null)
p Name Lookups.
[   27.198983] systemd[1]: Created slice system-serial\x2dgetty.slice.
[[0;32m  OK  [0m] Created slice system-serial\x2dgetty.slice.
[   27.208941] systemd[1]: Listening on Journal Socket (/dev/log).
[[0;32m  OK  [0m] Listening on Journal Socket (/dev/log).
[   27.253302] systemd[1]: Starting Journal Service...
         Starting Journal Service...
[   27.337751] iscsi: registered transport (tcp)
[   27.361185] systemd[1]: Mounting POSIX Message Queue File System...
         Mounting POSIX Message Queue File System...
[   27.391517] systemd[1]: Mounting Huge Pages File System...
         Mounting Huge Pages File System...
[   27.467387] systemd[1]: Mounted Debug File System.
[[0;32m  OK  [0m] Mounted Debug File System.
[   27.479005] systemd[1]: Mounted POSIX Message Queue File System.
[[0;32m  OK  [0m] Mounted POSIX Message Queue File System.
[   27.499489] systemd[1]: Mounted Huge Pages File System.
[[0;32m  OK  [0m] Mounted Huge Pages File System.
[   27.503629] systemd[1]: Started Create list of required static device nodes for the current kernel.
[[0;32m  OK  [0m] Started Create list of required sta...ce nodes for the current kernel.
[   27.508053] systemd[1]: Started Uncomplicated firewall.
[[0;32m  OK  [0m] Started Uncomplicated firewall.
[   27.540605] systemd[1]: Started Remount Root and Kernel File Systems.
[[0;32m  OK  [0m] Started Remount Root and Kernel File Systems.
[   27.565792] systemd[1]: Started Set console keymap.
[[0;32m  OK  [0m] Started Set console keymap.
[   27.641243] systemd[1]: Started Nameserver information manager.
[[0;32m  OK  [0m] Started Nameserver information manager.
[   27.741377] systemd[1]: Started LVM2 metadata daemon.
[[0;32m  OK  [0m] Started LVM2 metadata daemon.
[   27.837369] systemd[1]: Starting udev Coldplug all Devices...
         [   27.894255] iscsi: registered transport (iser)
Starting udev Coldplug all Devices...
[   27.916861] systemd[1]: Starting Load/Save Random Seed...
         Starting Load/Save Random Seed...
[   27.937119] systemd[1]: Starting Create Static Device Nodes in /dev...
         Starting Create Static Device Nodes in /dev...
[   27.948082] systemd[1]: Started Journal Service.
[[0;32m  OK  [0m] Started Journal Service.
[[0;32m  OK  [0m] Started Load Kernel Modules.
[[0;32m  OK  [0m] Started Load/Save Random Seed.
         Mounting FUSE Control File System...
         Starting Apply Kernel Variables...
         Starting Flush Journal to Persistent Storage...
[[0;32m  OK  [0m] Mounted FUSE Control File System.
[[0;32m  OK  [0m] Started udev Coldplug all Devices.
[   28.175320] systemd-journald[398]: Received request to flush runtime journal from PID 1
[[0;32m  OK  [0m] Started Flush Journal to Persistent Storage.
[[0;32m  OK  [0m] Started Monitoring of LVM2 mirrors,...ng dmeventd or progress polling.
[[0;32m  OK  [0m] Started Apply Kernel Variables.
[[0;32m  OK  [0m] Started Create Static Device Nodes in /dev.
[[0;32m  OK  [0m] Reached target Local File Systems (Pre).
[[0;32m  OK  [0m] Reached target Local File Systems.
         Starting LSB: AppArmor initialization...
         Starting Create Volatile Files and Directories...
         Starting Initial cloud-init job (pre-networking)...
         Starting Tell Plymouth To Write Out Runtime Data...
         Starting Set console font and keymap...
         Starting udev Kernel Device Manager...
[[0;32m  OK  [0m] Started Tell Plymouth To Write Out Runtime Data.
[[0;32m  OK  [0m] Started Set console font and keymap.
[[0;32m  OK  [0m] Created slice system-getty.slice.
[[0;32m  OK  [0m] Started Create Volatile Files and Directories.
         Starting Update UTMP about System Boot/Shutdown...
[[0;32m  OK  [0m] Started Update UTMP about System Boot/Shutdown.
[[0;32m  OK  [0m] Started udev Kernel Device Manager.
[[0;32m  OK  [0m] Started Dispatch Password Requests to Console Directory Watch.
[[0;32m  OK  [0m] Found device /dev/ttyS0.
[[0;32m  OK  [0m] Listening on Load/Save RF Kill Switch Status /dev/rfkill Watch.
[[0;32m  OK  [0m] Found device 82540EM Gigabit Ethern...r (PRO/1000 MT Desktop Adapter).
[[0;32m  OK  [0m] Found device 82540EM Gigabit Ethern...r (PRO/1000 MT Desktop Adapter).
[[0;32m  OK  [0m] Started LSB: AppArmor initialization.
[   37.935973] cloud-init[471]: Cloud-init v. 18.4-0ubuntu1~16.04.2 running 'init-local' at Fri, 21 Dec 2018 20:46:32 +0000. Up 36.25 seconds.
[[0;32m  OK  [0m] Started Initial cloud-init job (pre-networking).
[[0;32m  OK  [0m] Reached target Network (Pre).
[[0;32m  OK  [0m] Started ifup for enp0s8.
         Starting Raise network interfaces...
[[0;32m  OK  [0m] Started ifup for enp0s3.
[[0;32m  OK  [0m] Started Raise network interfaces.
[[0;32m  OK  [0m] Reached target Network.
         Starting Initial cloud-init job (metadata service crawler)...
[   40.405326] cloud-init[1065]: Cloud-init v. 18.4-0ubuntu1~16.04.2 running 'init' at Fri, 21 Dec 2018 20:46:35 +0000. Up 39.11 seconds.
[   40.453949] cloud-init[1065]: ci-info: ++++++++++++++++++++++++++++++++++++++Net device info+++++++++++++++++++++++++++++++++++++++
[   40.482316] cloud-init[1065]: ci-info: +--------+------+-----------------------------+---------------+--------+-------------------+
[   40.491185] cloud-init[1065]: ci-info: | Device |  Up  |           Address           |      Mask     | Scope  |     Hw-Address    |
[   40.513686] cloud-init[1065]: ci-info: +--------+------+-----------------------------+---------------+--------+-------------------+
[   40.517362] cloud-init[1065]: ci-info: | enp0s3 | True |          10.0.2.15          | 255.255.255.0 | global | 02:b4:5c:5b:e6:80 |
[   40.520980] cloud-init[1065]: ci-info: | enp0s3 | True |  fe80::b4:5cff:fe5b:e680/64 |       .       |  link  | 02:b4:5c:5b:e6:80 |
[   40.524566] cloud-init[1065]: ci-info: | enp0s8 | True |        192.168.99.20        | 255.255.255.0 | global | 08:00:27:e2:4c:0e |
[   40.527987] cloud-init[1065]: ci-info: | enp0s8 | True | fe80::a00:27ff:fee2:4c0e/64 |       .       |  link  | 08:00:27:e2:4c:0e |
[   40.531502] cloud-init[1065]: ci-info: |   lo   | True |          127.0.0.1          |   255.0.0.0   |  host  |         .         |
[   40.564556] cloud-init[1065]: ci-info: |   lo   | True |           ::1/128           |       .       |  host  |         .         |
[   40.564826] cloud-init[1065]: ci-info: +--------+------+-----------------------------+---------------+--------+-------------------+
[[0;32m  OK  [0m] Started Initial cloud-init job (metadata service crawler).
[   40.564955] cloud-init[1065]: ci-info: ++++++++++++++++++++++++++++Route IPv4 info++++++++++++++++++++++++++++
[   40.732553] cloud-init[1065]: ci-info: +-------+--------------+----------+---------------+-----------+-------+
[   40.733061] cloud-init[1065]: ci-info: | Route | Destination  | Gateway  |    Genmask    | Interface | Flags |
[[0;32m  OK  [0m] Reached target Cloud-config availability.
[   40.733220] cloud-init[1065]: ci-info: +-------+--------------+----------+---------------+-----------+-------+
[   40.803749] cloud-init[1065]: ci-info: |   0   |   0.0.0.0    | 10.0.2.2 |    0.0.0.0    |   enp0s3  |   UG  |
[[0;32m  OK  [0m] Reached target Network is Online.
[   40.805271] cloud-init[1065]: ci-info: |   1   |   10.0.2.0   | 0.0.0.0  | 255.255.255.0 |   enp0s3  |   U   |
[   40.996641] cloud-init[1065]: ci-info: |   2   | 192.168.99.0 | 0.0.0.0  | 255.255.255.0 |   enp0s8  |   U   |
[   40.996972] cloud-init[1065]: ci-info: +-------+--------------+----------+---------------+-----------+-------+
[   40.997787] cloud-init[1065]: ci-info: +++++++++++++++++++Route IPv6 info+++++++++++++++++++
[   40.998442] cloud-init[1065]: ci-info: +-------+-------------+---------+-----------+-------+
[   40.999456] cloud-init[1065]: ci-info: | Route | Destination | Gateway | Interface | Flags |
[   41.000163] cloud-init[1065]: ci-info: +-------+-------------+---------+-----------+-------+
[   41.000818] cloud-init[1065]: ci-info: |   0   |  fe80::/64  |    ::   |   enp0s8  |   U   |
[   41.001516] cloud-init[1065]: ci-info: |   1   |  fe80::/64  |    ::   |   enp0s3  |   U   |
[   41.001789] cloud-init[1065]: ci-info: |   4   |   ff00::/8  |    ::   |   enp0s8  |   U   |
         Starting iSCSI initiator daemon (iscsid)...
[[   41.004751] cloud-init[1065]: ci-info: |   5   |   ff00::/8  |    ::   |   enp0s3  |   U   |
[   41.066493] cloud-init[1065]: ci-info: +-------+-------------+---------+-----------+-------+
[0;32m  OK  [0m] Reached target System Initialization.
[[0;32m  OK  [0m] Listening on ACPID Listen Socket.
[[0;32m  OK  [0m] Started Daily Cleanup of Temporary Directories.
[[0;32m  OK  [0m] Started ACPI Events Check.
[[0;32m  OK  [0m] Reached target Paths.
         Starting Socket activation for snappy daemon.
[[0;32m  OK  [0m] Listening on UUID daemon activation socket.
         Starting LXD - unix socket.
[[0;32m  OK  [0m] Started Daily apt download activities.
[[0;32m  OK  [0m] Started Daily apt upgrade and clean activities.
[[0;32m  OK  [0m] Reached target Timers.
[[0;32m  OK  [0m] Listening on D-Bus System Message Bus Socket.
[[0;32m  OK  [0m] Listening on Socket activation for snappy daemon.
[[0;32m  OK  [0m] Listening on LXD - unix socket.
[[0;32m  OK  [0m] Reached target Sockets.
[[0;32m  OK  [0m] Reached target Basic System.
         Starting Login Service...
[[0;32m  OK  [0m] Started Unattended Upgrades Shutdown.
         Starting Virtualbox guest utils...
[[0;32m  OK  [0m] Started ACPI event daemon.
         Starting OpenBSD Secure Shell server...
         Starting Accounts Service...
         Starting System Logging Service...
         Starting LSB: Record successful boot for GRUB...
[[0;32m  OK  [0m] Started Puppet agent.
         Starting The PHP 7.0 FastCGI Process Manager...
[[0;32m  OK  [0m] Started D-Bus System Message Bus.
         Starting Docker Application Container Engine...
[[0;32m  OK  [0m] Started Regular background program processing daemon.
         Starting A high performance web server and a reverse proxy server...
         Starting /etc/rc.local Compatibility...
         Starting Snappy daemon...
         Starting LSB: MD monitoring daemon...
[[0;32m  OK  [0m] Started Deferred execution scheduler.
         Starting LXD - container startup/shutdown...
[[0;32m  OK  [0m] Started FUSE filesystem for LXC.
         Starting containerd container runtime...
[[0;32m  OK  [0m] Started System Logging Service.
[[0;32m  OK  [0m] Started iSCSI initiator daemon (iscsid).
[[0;32m  OK  [0m] Started /etc/rc.local Compatibility.
[[0;32m  OK  [0m] Started OpenBSD Secure Shell server.
[[0;32m  OK  [0m] Started containerd container runtime.
[[0;32m  OK  [0m] Started Login Service.
         Starting Authenticate and Authorize Users to Run Privileged Tasks...
         Starting Login to default iSCSI targets...
[[0;32m  OK  [0m] Started LSB: Record successful boot for GRUB.
[[0;32m  OK  [0m] Started LSB: MD monitoring daemon.
[[0;32m  OK  [0m] Started Login to default iSCSI targets.
[[0;32m  OK  [0m] Reached target Remote File Systems (Pre).
[[0;32m  OK  [0m] Reached target Remote File Systems.
         Starting LSB: daemon to balance interrupts for SMP systems...
         Starting LSB: Set up cgroupfs mounts....
         Starting LSB: Set the CPU Frequency Scaling governor to "ondemand"...
         Starting LSB: Apache2 web server...
         Starting Permit User Sessions...
         Starting LSB: automatic crash report generation...
[[0;32m  OK  [0m] Started LSB: Set the CPU Frequency Scaling governor to "ondemand".
[[0;32m  OK  [0m] Started Authenticate and Authorize Users to Run Privileged Tasks.
[[0;32m  OK  [0m] Started Accounts Service.
[[0;32m  OK  [0m] Started LSB: Set up cgroupfs mounts..
[[0;32m  OK  [0m] Started Permit User Sessions.
         Starting Hold until boot process finishes up...
         Starting Terminate Plymouth Boot Screen...
[[0;32m  OK  [0m] Started LSB: Apache2 web server.
[[0;32m  OK  [0m] Started Hold until boot process finishes up.
[[0;32m  OK  [0m] Started Terminate Plymouth Boot Screen.
[[0;32m  OK  [0m] Started Getty on tty1.
         Starting Set console scheme...
[[0;32m  OK  [0m] Started Serial Getty on ttyS0.
[[0;32m  OK  [0m] Reached target Login Prompts.
[[0;32m  OK  [0m] Started LSB: automatic crash report generation.
[[0;32m  OK  [0m] Started Virtualbox guest utils.
[[0;32m  OK  [0m] Started Set console scheme.
[[0;32m  OK  [0m] Started LSB: daemon to balance interrupts for SMP systems.
[[0;32m  OK  [0m] Created slice User Slice of vagrant.
         Starting User Manager for UID 1000...
[[0;32m  OK  [0m] Started Session 1 of user vagrant.
[[0;32m  OK  [0m] Started User Manager for UID 1000.
[[0;32m  OK  [0m] Started A high performance web server and a reverse proxy server.

Ubuntu 16.04.5 LTS docker ttyS0

docker login: [   55.371729] cloud-init[1450]: Cloud-init v. 18.4-0ubuntu1~16.04.2 running 'modules:config' at Fri, 21 Dec 2018 20:46:50 +0000. Up 54.73 seconds.
[   82.302544] cloud-init[2076]: Cloud-init v. 18.4-0ubuntu1~16.04.2 running 'modules:final' at Fri, 21 Dec 2018 20:47:17 +0000. Up 81.57 seconds.
[   82.303085] cloud-init[2076]: Cloud-init v. 18.4-0ubuntu1~16.04.2 finished at Fri, 21 Dec 2018 20:47:18 +0000. Datasource DataSourceNoCloud [seed=/dev/sdb][dsmode=net].  Up 82.29 seconds
[[0;32m  OK  [0m] Started ACPI event daemon.
[[0;32m  OK  [0m] Started Daily apt download activities.
         Starting Daily apt upgrade and clean activities...
[[0;32m  OK  [0m] Started Daily apt upgrade and clean activities.
